node.exe : npm warn Unknown user config "email". This will stop working in the next major version of npm.
At line:1 char:1
+ & "D:\code\nodejs24/node.exe" "D:\code\nodejs24/node_modules/npm/bin/ ...
+ ~~~~~~~~~~~~~~~~~~~~~~~~~~~~~~~~~~~~~~~~~~~~~~~~~~~~~~~~~~~~~~~~~~~~~
    + CategoryInfo          : NotSpecified: (npm warn Unknow...version of npm.:String) [], RemoteException
    + FullyQualifiedErrorId : NativeCommandError
 
npm warn Unknown user config "always-auth". This will stop working in the next major version of npm.
npm warn Unknown user config "sass_binary_site". This will stop working in the next major version of npm.
npm warn Unknown user config "electron_mirror". This will stop working in the next major version of npm.
npm warn Unknown user config "electron_builder_binaries_mirror". This will stop working in the next major version of np
m.
npm warn Unknown user config "nodejieba_binary_host_mirror". This will stop working in the next major version of npm.
npm warn Unknown user config "chromedriver_cdnurl". This will stop working in the next major version of npm.
vite v5.4.21 building for production...
transforming...
node_modules/@vueuse/core/dist/index.js (3362:0): A comment

"/* #__PURE__ */"

in "node_modules/@vueuse/core/dist/index.js" contains an annotation that Rollup cannot interpret due to the position of
 the comment. The comment will be removed to avoid issues.
node_modules/@vueuse/core/dist/index.js (5780:22): A comment

"/* #__PURE__ */"

in "node_modules/@vueuse/core/dist/index.js" contains an annotation that Rollup cannot interpret due to the position of
 the comment. The comment will be removed to avoid issues.
DEPRECATION WARNING [legacy-js-api]: The legacy JS API is deprecated and will be removed in Dart Sass 2.0.0.

More info: https://sass-lang.com/d/legacy-js-api

DEPRECATION WARNING [legacy-js-api]: The legacy JS API is deprecated and will be removed in Dart Sass 2.0.0.

More info: https://sass-lang.com/d/legacy-js-api

DEPRECATION WARNING [legacy-js-api]: The legacy JS API is deprecated and will be removed in Dart Sass 2.0.0.

More info: https://sass-lang.com/d/legacy-js-api

DEPRECATION WARNING [legacy-js-api]: The legacy JS API is deprecated and will be removed in Dart Sass 2.0.0.

More info: https://sass-lang.com/d/legacy-js-api

DEPRECATION WARNING [legacy-js-api]: The legacy JS API is deprecated and will be removed in Dart Sass 2.0.0.

More info: https://sass-lang.com/d/legacy-js-api

DEPRECATION WARNING [legacy-js-api]: The legacy JS API is deprecated and will be removed in Dart Sass 2.0.0.

More info: https://sass-lang.com/d/legacy-js-api

DEPRECATION WARNING [legacy-js-api]: The legacy JS API is deprecated and will be removed in Dart Sass 2.0.0.

More info: https://sass-lang.com/d/legacy-js-api

DEPRECATION WARNING [legacy-js-api]: The legacy JS API is deprecated and will be removed in Dart Sass 2.0.0.

More info: https://sass-lang.com/d/legacy-js-api

DEPRECATION WARNING [legacy-js-api]: The legacy JS API is deprecated and will be removed in Dart Sass 2.0.0.

More info: https://sass-lang.com/d/legacy-js-api

DEPRECATION WARNING [legacy-js-api]: The legacy JS API is deprecated and will be removed in Dart Sass 2.0.0.

More info: https://sass-lang.com/d/legacy-js-api

DEPRECATION WARNING [legacy-js-api]: The legacy JS API is deprecated and will be removed in Dart Sass 2.0.0.

More info: https://sass-lang.com/d/legacy-js-api

DEPRECATION WARNING [legacy-js-api]: The legacy JS API is deprecated and will be removed in Dart Sass 2.0.0.

More info: https://sass-lang.com/d/legacy-js-api

DEPRECATION WARNING [legacy-js-api]: The legacy JS API is deprecated and will be removed in Dart Sass 2.0.0.

More info: https://sass-lang.com/d/legacy-js-api

DEPRECATION WARNING [legacy-js-api]: The legacy JS API is deprecated and will be removed in Dart Sass 2.0.0.

More info: https://sass-lang.com/d/legacy-js-api

DEPRECATION WARNING [legacy-js-api]: The legacy JS API is deprecated and will be removed in Dart Sass 2.0.0.

More info: https://sass-lang.com/d/legacy-js-api

✓ 1792 modules transformed.
rendering chunks...
computing gzip size...
dist/index.html                                         1.02 kB │ gzip:   0.72 kB
dist/assets/ReviewList-DwtBIN6S.css                     0.79 kB │ gzip:   0.36 kB
dist/assets/el-card-BAyktVMS.css                        0.92 kB │ gzip:   0.32 kB
dist/assets/WorkflowList-D5IRsD48.css                   0.94 kB │ gzip:   0.41 kB
dist/assets/AdPlacements-Cp1SyRXO.css                   1.01 kB │ gzip:   0.43 kB
dist/assets/AdMaterials-Xj0p53nO.css                    1.06 kB │ gzip:   0.44 kB
dist/assets/Login-CNbcr4ed.css                          1.20 kB │ gzip:   0.54 kB
dist/assets/el-loading-C-X_DDFa.css                     1.62 kB │ gzip:   0.55 kB
dist/assets/ReviewDetail-CKnuIPGb.css                   1.66 kB │ gzip:   0.59 kB
dist/assets/AIConfig-DNc1QWL0.css                       2.05 kB │ gzip:   0.73 kB
dist/assets/el-link-CPQZ-olG.css                        2.38 kB │ gzip:   0.54 kB
dist/assets/Tunnel-Di0p0lKm.css                         3.25 kB │ gzip:   0.93 kB
dist/assets/Maintenance-ORUzS3A_.css                    3.35 kB │ gzip:   0.87 kB
dist/assets/el-alert-B6UgayC7.css                       3.47 kB │ gzip:   0.74 kB
dist/assets/el-dialog-BIfDN5q_.css                      3.77 kB │ gzip:   1.02 kB
dist/assets/el-popper-C8-vPSoj.css                      3.81 kB │ gzip:   0.89 kB
dist/assets/el-switch-DpR9-s4E.css                      3.91 kB │ gzip:   0.95 kB
dist/assets/el-input-number-DExoAqKP.css                4.35 kB │ gzip:   0.90 kB
dist/assets/DatabaseAdmin-DdZa8Tu1.css                  4.44 kB │ gzip:   1.21 kB
dist/assets/el-dropdown-item-Yikzk3Sr.css               4.54 kB │ gzip:   1.08 kB
dist/assets/StatsOverview-D9DdTYBt.css                  4.60 kB │ gzip:   1.16 kB
dist/assets/AdSchedule-uXhf9rlD.css                     5.14 kB │ gzip:   1.32 kB
dist/assets/el-empty-hhXJtTQ6.css                       5.58 kB │ gzip:   1.27 kB
dist/assets/el-form-item-D_relxjU.css                   5.69 kB │ gzip:   0.98 kB
dist/assets/el-tag-1VV9QMa7.css                         6.02 kB │ gzip:   0.95 kB
dist/assets/el-button-group-B09mLjuS.css                6.24 kB │ gzip:   0.63 kB
dist/assets/el-pagination-CDeFZDGO.css                  7.03 kB │ gzip:   1.19 kB
dist/assets/WorkflowDetail-C0Ke9vlP.css                 9.40 kB │ gzip:   1.92 kB
dist/assets/el-select-CK58rX4v.css                      9.82 kB │ gzip:   1.94 kB
dist/assets/el-input-BddTPWVI.css                      11.15 kB │ gzip:   1.85 kB
dist/assets/Layout-BBNieQtO.css                        13.78 kB │ gzip:   2.61 kB
dist/assets/el-tab-pane-LzsQQ_QK.css                   15.78 kB │ gzip:   2.34 kB
dist/assets/el-table-column-CkuDla-c.css               26.05 kB │ gzip:   3.79 kB
dist/assets/_plugin-vue_export-helper-Bc57cnto.css     27.71 kB │ gzip:   3.96 kB
dist/assets/el-date-picker-BsrAVvYx.css                28.88 kB │ gzip:   4.20 kB
dist/assets/el-col-BWEC13sA.css                        36.49 kB │ gzip:   3.51 kB
dist/assets/index-CSznDZwv.css                        359.13 kB │ gzip:  48.38 kB
dist/assets/el-tooltip-l0sNRNKZ.js                      0.00 kB │ gzip:   0.02 kB
dist/assets/user-B3LROGl_.js                            0.90 kB │ gzip:   0.41 kB
dist/assets/Login-BCSELyw5.js                           1.78 kB │ gzip:   0.97 kB
dist/assets/ReviewList-gY5yNh30.js                      2.32 kB │ gzip:   1.22 kB
dist/assets/Layout-BFsxyzju.js                          2.72 kB │ gzip:   1.38 kB
dist/assets/AdSchedule-CnYQ9PEC.js                      2.80 kB │ gzip:   1.37 kB
dist/assets/WorkflowList-CGkJQvvd.js                    2.96 kB │ gzip:   1.53 kB
dist/assets/ReviewDetail-CIkMcRyc.js                    4.80 kB │ gzip:   2.15 kB
dist/assets/AdMaterials-Z-FJeK02.js                     4.85 kB │ gzip:   2.17 kB
dist/assets/AdPlacements-DmElXi6H.js                    4.87 kB │ gzip:   2.13 kB
dist/assets/WorkflowDetail-BTxlne4W.js                  5.08 kB │ gzip:   2.38 kB
dist/assets/Tunnel-Cy2sPOfk.js                          8.64 kB │ gzip:   3.77 kB
dist/assets/AIConfig-B5am0rxV.js                        9.00 kB │ gzip:   3.04 kB
dist/assets/Maintenance-8FxBaDQ0.js                    10.65 kB │ gzip:   3.69 kB
dist/assets/DatabaseAdmin-CNB9mpUW.js                  15.51 kB │ gzip:   5.70 kB
dist/assets/_plugin-vue_export-helper-DvPPBpCt.js      46.98 kB │ gzip:  18.18 kB
dist/assets/StatsOverview-FOFspLdT.js                 169.38 kB │ gzip:  59.75 kB
dist/assets/index-BWuFp5JS.js                       1,190.42 kB │ gzip: 383.50 kB

(!) Some chunks are larger than 500 kB after minification. Consider:
- Using dynamic import() to code-split the application
- Use build.rollupOptions.output.manualChunks to improve chunking: https://rollupjs.org/configuration-options/#output-m
anualchunks
- Adjust chunk size limit for this warning via build.chunkSizeWarningLimit.
✓ built in 46.87s
